100
9
27
30
33
36
37
39
40
47
52
57
64
65
66
67
72
73
86
94
100
114
115
119
121
133
138
140
156
159
167
194
202
204
216
217
227
228
236
239
241
251
273
288
309
312
322
331
333
347
349
355
367
370
371
374
388
390
394
409
413
418
432
437
454
458
460
462
464
466
467
468
483
490
496
503
511
522
548
549
554
581
592
598
606
609
613
615
616
618
632
634
636
639
658
659
663
671
679
689
690
